---
source: crates/oxc_isolated_declarations/tests/mod.rs
input_file: crates/oxc_isolated_declarations/tests/fixtures/declare-global.ts
---
==================== .D.TS ====================

declare global {}
export {};
