---
source: crates/oxc_isolated_declarations/tests/mod.rs
input_file: crates/oxc_isolated_declarations/tests/fixtures/function-parameters.ts
---
==================== .D.TS ====================

export declare function fnDeclGood(p?: T, rParam?: string): void;
export declare function fnDeclGood2(p?: T, rParam?: number): void;
export declare function fnDeclBad<T>(p: T, rParam: T, r2: T): void;
export declare function fnDeclBad2<T>(p: T, r2: T): void;
export declare function fnDeclBad3<T>(p: T, rParam?: T, r2: T): void;


==================== Errors ====================

  x TS9025: Declaration emit for this parameter requires implicitly adding
  | undefined to it's type. This is not supported with --isolatedDeclarations.
   ,-[6:30]
 5 | // Incorrect
 6 | export function fnDeclBad<T>(p: T = [], rParam: T = "", r2: T): void { }
   :                              ^^^^^^^^^
 7 | export function fnDeclBad2<T>(p: T = [], r2: T): void { }
   `----

  x TS9025: Declaration emit for this parameter requires implicitly adding
  | undefined to it's type. This is not supported with --isolatedDeclarations.
   ,-[6:41]
 5 | // Incorrect
 6 | export function fnDeclBad<T>(p: T = [], rParam: T = "", r2: T): void { }
   :                                         ^^^^^^^^^^^^^^
 7 | export function fnDeclBad2<T>(p: T = [], r2: T): void { }
   `----

  x TS9025: Declaration emit for this parameter requires implicitly adding
  | undefined to it's type. This is not supported with --isolatedDeclarations.
   ,-[7:31]
 6 | export function fnDeclBad<T>(p: T = [], rParam: T = "", r2: T): void { }
 7 | export function fnDeclBad2<T>(p: T = [], r2: T): void { }
   :                               ^^^^^^^^^
 8 | export function fnDeclBad3<T>(p: T = [], rParam?: T, r2: T): void { }
   `----

  x TS9025: Declaration emit for this parameter requires implicitly adding
  | undefined to it's type. This is not supported with --isolatedDeclarations.
   ,-[8:31]
 7 | export function fnDeclBad2<T>(p: T = [], r2: T): void { }
 8 | export function fnDeclBad3<T>(p: T = [], rParam?: T, r2: T): void { }
   :                               ^^^^^^^^^
   `----
