commit: d8086f14

codegen_typescript Summary:
AST Parsed     : 5283/5283 (100.00%)
Positive Passed: 5279/5283 (99.92%)
Normal failed: "compiler/genericTypeAssertions3.ts"
Normal failed: "compiler/jsxMultilineAttributeStringValues.tsx"
Normal failed: "compiler/jsxMultilineAttributeValuesReact.tsx"
Normal failed: "conformance/jsx/tsxReactEmitEntities.tsx"
