commit: d8086f14

transpile Summary:
AST Parsed     : 20/20 (100.00%)
Positive Passed: 8/20 (40.00%)
Mismatch: "declarationAsyncAndGeneratorFunctions.ts"
Mismatch: "declarationBasicSyntax.ts"
Mismatch: "declarationComputedPropertyNames.ts"
Mismatch: "declarationCrossFileInferences.ts"
Mismatch: "declarationEmitPartialNodeReuse.ts"
Mismatch: "declarationFunctionDeclarations.ts"
Mismatch: "declarationNotInScopeTypes.ts"
Mismatch: "declarationPartialNodeReuseTypeOf.ts"
Mismatch: "declarationRestParameters.ts"
Mismatch: "declarationSingleFileHasErrors.ts"
Mismatch: "declarationSingleFileHasErrorsReported.ts"
Mismatch: "declarationsSimple.ts"
